### Serial GC

1. 堆接近满了，内存分配失败触发 GC；
2. 单线程执行，业务系统需要暂停；
3. GC 效率高，暂停（STW）时，只做 GC；
4. 没有阈值，满了后才会执行 GC；
5. Young GC清理年轻代，Full GC清理老年代。

### ParallelGC

1. 多线程并行地执行垃圾回收，关注与高吞吐；
2. 吞吐优先，占用所有的 CPU 资源做 GC，完成后，再把主动权交还给业务系统，业务系统工作时，GC 不消耗资源；
3. JDK8 及之前，默认 GC 为 Parallel GC；
4. 并行 GC 最常调整的数：并行 GC 的线程数，一般与当前机器的 CPU 核数相等。
5. Young GC清理年轻代，Full GC清理年轻代和老年代。

### CMS GC

1. 多线程并发标记和清除，关注与降低延迟；
2. 每次 GC 消耗的时间较短，GC 步骤多，只在关键、必要的步骤 STW，其他步骤和业务线程并行。GC 速度较快，暂停时间较短，但整体上，GC 效率比 Parallel GC 低。
3. ParNew GC清理年轻代，CMS GC清理老年代，GC 组合使用。

### G1 GC

1. 通过划分多个内存区域做增量整理和回收，进一步降低延迟；
2. 是一种比较智能的算法，会平衡整体的GC消耗和我们给出的期望暂停时间，同时没有严格划分新生代、老年代，是针对 region 操作，增量地进行垃圾回收；
3. JDK9及之后，默认 GC 为 G1。

```
package io.github.kimmking.netty.server;

import org.apache.http.HttpEntity;
import org.apache.http.client.methods.CloseableHttpResponse;
import org.apache.http.client.methods.HttpGet;
import org.apache.http.impl.client.CloseableHttpClient;
import org.apache.http.impl.client.HttpClients;
import org.apache.http.util.EntityUtils;

import java.io.IOException;

public class HttpClientDemo {
    public static void main(String[] args) {
        // 创建HttpClient客户端
        CloseableHttpClient closeableHttpClient = HttpClients.createDefault();
        // 创建HttpGet请求
        HttpGet httpGet = new HttpGet("http://localhost:8801");
        //发送请求
        CloseableHttpResponse response = null;
        try {
            response = closeableHttpClient.execute(httpGet);
            //判断状态码
            if (response.getStatusLine().getStatusCode() == 200) {
                HttpEntity entity = response.getEntity();
                //使用工具类EntityUtils，从响应中取出实体表示的内容并转换成字符串
                String string = EntityUtils.toString(entity, "utf-8");
                System.out.println(string);
            }
        } catch (IOException e) {
            e.printStackTrace();
        }
        //关闭资源
        try {
            response.close();
        } catch (IOException e) {
            e.printStackTrace();
        }
        try {
            closeableHttpClient.close();
        } catch (IOException e) {
            e.printStackTrace();
        }
    }
}
```

补作业，很急，很乱，今晚看完了第2课，虽然比直播时，能理解了，但进度太慢了，回放追上进度后，新的直播看完后，回放要在第二个晚上前听完，并做好笔记。

笔记还有些乱，后续加深了理解后，再整理：）



1. 使用 GCLogAnalysis.java 自己演练一遍串行 / 并行 /CMS/G1 的案例。
2. 使用 GCLogAnalysis.java 自己演练一遍串行 / 并行 /CMS/G1 的案例。

根据上述自己对于 1 和 2 的演示，写一段对于不同 GC 的总结，提交到 Github。

```
//GCLogAnalysis.java

import java.util.Random;
import java.util.concurrent.TimeUnit;
import java.util.concurrent.atomic.LongAdder;
/*
演示GC日志生成与解读
*/
public class GCLogAnalysis {
    private static Random random = new Random();
    public static void main(String[] args) {
        // 当前毫秒时间戳
        long startMillis = System.currentTimeMillis();
        // 持续运行毫秒数; 可根据需要进行修改
        long timeoutMillis = TimeUnit.SECONDS.toMillis(1);
        // 结束时间戳
        long endMillis = startMillis + timeoutMillis;
        LongAdder counter = new LongAdder();
        System.out.println("正在执行...");
        // 缓存一部分对象; 进入老年代
        int cacheSize = 2000;
        Object[] cachedGarbage = new Object[cacheSize];
        // 在此时间范围内,持续循环
        while (System.currentTimeMillis() < endMillis) {
            // 生成垃圾对象
            Object garbage = generateGarbage(100*1024);
            counter.increment();
            int randomIndex = random.nextInt(2 * cacheSize);
            if (randomIndex < cacheSize) {
                cachedGarbage[randomIndex] = garbage;
            }
        }
        System.out.println("执行结束!共生成对象次数:" + counter.longValue());
    }

    // 生成对象
    private static Object generateGarbage(int max) {
        int randomSize = random.nextInt(max);
        int type = randomSize % 4;
        Object result = null;
        switch (type) {
            case 0:
                result = new int[randomSize];
                break;
            case 1:
                result = new byte[randomSize];
                break;
            case 2:
                result = new double[randomSize];
                break;
            default:
                StringBuilder builder = new StringBuilder();
                String randomString = "randomString-Anything";
                while (builder.length() < randomSize) {
                    builder.append(randomString);
                    builder.append(max);
                    builder.append(randomSize);
                }
                result = builder.toString();
                break;
        }
        return result;
    }
}
```

串行：

```
java -XX:+UseSerialGC -Xms512m -Xmx512m -XX:+PrintGCDetails GCLogAnalysis
正在执行...
[GC (Allocation Failure) [DefNew: 139776K->17472K(157248K), 0.0423772 secs] 139776K->52882K(506816K), 0.0427789 secs] [Times: user=0.05 sys=0.00, real=0.04 secs]
[GC (Allocation Failure) [DefNew: 157248K->17471K(157248K), 0.0385380 secs] 192658K->95091K(506816K), 0.0388290 secs] [Times: user=0.03 sys=0.00, real=0.04 secs]
[GC (Allocation Failure) [DefNew: 157247K->17470K(157248K), 0.0410168 secs] 234867K->136445K(506816K), 0.0413702 secs] [Times: user=0.01 sys=0.01, real=0.04 secs]
[GC (Allocation Failure) [DefNew: 157246K->17471K(157248K), 0.0426675 secs] 276221K->183746K(506816K), 0.0429956 secs] [Times: user=0.02 sys=0.03, real=0.04 secs]
[GC (Allocation Failure) [DefNew: 157010K->17470K(157248K), 0.0452542 secs] 323284K->232024K(506816K), 0.0456705 secs] [Times: user=0.01 sys=0.03, real=0.05 secs]
[GC (Allocation Failure) [DefNew: 157246K->17471K(157248K), 0.0463533 secs] 371800K->281971K(506816K), 0.0467982 secs] [Times: user=0.03 sys=0.02, real=0.05 secs]
[GC (Allocation Failure) [DefNew: 157247K->17470K(157248K), 0.0348612 secs] 421747K->324240K(506816K), 0.0351553 secs] [Times: user=0.00 sys=0.03, real=0.03 secs]
[GC (Allocation Failure) [DefNew: 157246K->157246K(157248K), 0.0004695 secs][Tenured: 306769K->267895K(349568K), 0.0922012 secs] 464016K->267895K(506816K), [Metaspace: 2677K->2677K(1056768K)], 0.0933252 secs] [Times: user=0.09 sys=0.00, real=0.09 secs]
[GC (Allocation Failure) [DefNew: 139776K->17471K(157248K), 0.0133854 secs] 407671K->308429K(506816K), 0.0136962 secs] [Times: user=0.02 sys=0.00, real=0.01 secs]
[GC (Allocation Failure) [DefNew: 157247K->17470K(157248K), 0.0337826 secs] 448205K->359805K(506816K), 0.0340818 secs] [Times: user=0.01 sys=0.01, real=0.03 secs]
执行结束!共生成对象次数:5208
Heap
 def new generation   total 157248K, used 23150K [0x00000000e0000000, 0x00000000eaaa0000, 0x00000000eaaa0000)
  eden space 139776K,   4% used [0x00000000e0000000, 0x00000000e058bf88, 0x00000000e8880000)
  from space 17472K,  99% used [0x00000000e9990000, 0x00000000eaa9fa28, 0x00000000eaaa0000)
  to   space 17472K,   0% used [0x00000000e8880000, 0x00000000e8880000, 0x00000000e9990000)
 tenured generation   total 349568K, used 342334K [0x00000000eaaa0000, 0x0000000100000000, 0x0000000100000000)
   the space 349568K,  97% used [0x00000000eaaa0000, 0x00000000ff8efad0, 0x00000000ff8efc00, 0x0000000100000000)
 Metaspace       used 2684K, capacity 4486K, committed 4864K, reserved 1056768K
  class space    used 288K, capacity 386K, committed 512K, reserved 1048576K
```

并行：

```
java -XX:+UseParallelGC -Xms512m -Xmx512m -XX:+PrintGCDetails GCLogAnalysis
正在执行...
[GC (Allocation Failure) [PSYoungGen: 131584K->21491K(153088K)] 131584K->42300K(502784K), 0.0302371 secs] [Times: user=0.02 sys=0.09, real=0.03 secs]
[GC (Allocation Failure) [PSYoungGen: 152473K->21502K(153088K)] 173281K->81590K(502784K), 0.0405356 secs] [Times: user=0.03 sys=0.09, real=0.04 secs]
[GC (Allocation Failure) [PSYoungGen: 153086K->21502K(153088K)] 213174K->127530K(502784K), 0.0566678 secs] [Times: user=0.01 sys=0.06, real=0.06 secs]
[GC (Allocation Failure) [PSYoungGen: 152846K->21486K(153088K)] 258874K->168611K(502784K), 0.0445804 secs] [Times: user=0.03 sys=0.06, real=0.05 secs]
[GC (Allocation Failure) [PSYoungGen: 153070K->21496K(153088K)] 300195K->210285K(502784K), 0.0278856 secs] [Times: user=0.01 sys=0.11, real=0.03 secs]
[GC (Allocation Failure) [PSYoungGen: 153031K->21493K(80384K)] 341820K->249397K(430080K), 0.0388865 secs] [Times: user=0.02 sys=0.11, real=0.04 secs]
[GC (Allocation Failure) [PSYoungGen: 80373K->36603K(116736K)] 308277K->270392K(466432K), 0.0303039 secs] [Times: user=0.11 sys=0.00, real=0.03 secs]
[GC (Allocation Failure) [PSYoungGen: 95483K->46190K(116736K)] 329272K->286728K(466432K), 0.0374473 secs] [Times: user=0.09 sys=0.00, real=0.04 secs]
[GC (Allocation Failure) [PSYoungGen: 105070K->57853K(116736K)] 345608K->306723K(466432K), 0.0592160 secs] [Times: user=0.13 sys=0.00, real=0.06 secs]
[GC (Allocation Failure) [PSYoungGen: 116688K->41250K(116736K)] 365558K->323428K(466432K), 0.0565215 secs] [Times: user=0.11 sys=0.06, real=0.06 secs]
[GC (Allocation Failure) [PSYoungGen: 100130K->24262K(116736K)] 382308K->343448K(466432K), 0.0403429 secs] [Times: user=0.05 sys=0.02, real=0.04 secs]
[Full GC (Ergonomics) [PSYoungGen: 24262K->0K(116736K)] [ParOldGen: 319185K->239107K(349696K)] 343448K->239107K(466432K), [Metaspace: 2677K->2677K(1056768K)], 0.1043020 secs] [Times: user=0.28 sys=0.01, real=0.10 secs]
执行结束!共生成对象次数:4113
Heap
 PSYoungGen      total 116736K, used 2419K [0x00000000f5580000, 0x0000000100000000, 0x0000000100000000)
  eden space 58880K, 4% used [0x00000000f5580000,0x00000000f57dcc30,0x00000000f8f00000)
  from space 57856K, 0% used [0x00000000f8f00000,0x00000000f8f00000,0x00000000fc780000)
  to   space 57856K, 0% used [0x00000000fc780000,0x00000000fc780000,0x0000000100000000)
 ParOldGen       total 349696K, used 239107K [0x00000000e0000000, 0x00000000f5580000, 0x00000000f5580000)
  object space 349696K, 68% used [0x00000000e0000000,0x00000000ee980d50,0x00000000f5580000)
 Metaspace       used 2684K, capacity 4486K, committed 4864K, reserved 1056768K
  class space    used 288K, capacity 386K, committed 512K, reserved 1048576K
```



CMS：

```
java -XX:+UseConcMarkSweepGC -Xms512m -Xmx512m -XX:+PrintGCDetails GCLogAnalysis
正在执行...
[GC (Allocation Failure) [ParNew: 139776K->17469K(157248K), 0.0275793 secs] 139776K->43119K(506816K), 0.0279204 secs] [Times: user=0.19 sys=0.05, real=0.03 secs]
[GC (Allocation Failure) [ParNew: 157245K->17472K(157248K), 0.0229241 secs] 182895K->87580K(506816K), 0.0232269 secs] [Times: user=0.02 sys=0.11, real=0.02 secs]
[GC (Allocation Failure) [ParNew: 157248K->17472K(157248K), 0.0342703 secs] 227356K->130188K(506816K), 0.0345645 secs] [Times: user=0.14 sys=0.00, real=0.04 secs]
[GC (Allocation Failure) [ParNew: 157248K->17471K(157248K), 0.0329604 secs] 269964K->174078K(506816K), 0.0334923 secs] [Times: user=0.13 sys=0.02, real=0.03 secs]
[GC (Allocation Failure) [ParNew: 157247K->17470K(157248K), 0.0358667 secs] 313854K->215302K(506816K), 0.0361989 secs] [Times: user=0.22 sys=0.06, real=0.04 secs]
[GC (CMS Initial Mark) [1 CMS-initial-mark: 197832K(349568K)] 218117K(506816K), 0.0011233 secs] [Times: user=0.00 sys=0.00, real=0.00 secs]
[CMS-concurrent-mark-start]
[CMS-concurrent-mark: 0.004/0.004 secs] [Times: user=0.00 sys=0.00, real=0.00 secs]
[CMS-concurrent-preclean-start]
[CMS-concurrent-preclean: 0.001/0.001 secs] [Times: user=0.02 sys=0.00, real=0.01 secs]
[CMS-concurrent-abortable-preclean-start]
[GC (Allocation Failure) [ParNew: 157246K->17472K(157248K), 0.0345117 secs] 355078K->259934K(506816K), 0.0347760 secs] [Times: user=0.17 sys=0.02, real=0.03 secs]
[GC (Allocation Failure) [ParNew: 157248K->17467K(157248K), 0.0380334 secs] 399710K->303103K(506816K), 0.0383238 secs] [Times: user=0.09 sys=0.03, real=0.04 secs]
[GC (Allocation Failure) [ParNew: 157243K->17471K(157248K), 0.0402400 secs] 442879K->353502K(506816K), 0.0405490 secs] [Times: user=0.19 sys=0.05, real=0.04 secs]
[CMS-concurrent-abortable-preclean: 0.008/0.263 secs] [Times: user=0.56 sys=0.09, real=0.26 secs]
[GC (CMS Final Remark) [YG occupancy: 20664 K (157248 K)][Rescan (parallel) , 0.0005445 secs][weak refs processing, 0.0000571 secs][class unloading, 0.0004706 secs][scrub symbol table, 0.0006985 secs][scrub string table, 0.0002869 secs][1 CMS-remark: 336030K(349568K)] 356695K(506816K), 0.0037614 secs] [Times: user=0.00 sys=0.00, real=0.00 secs]
[CMS-concurrent-sweep-start]
[CMS-concurrent-sweep: 0.002/0.002 secs] [Times: user=0.00 sys=0.00, real=0.00 secs]
[CMS-concurrent-reset-start]
[CMS-concurrent-reset: 0.002/0.002 secs] [Times: user=0.00 sys=0.00, real=0.01 secs]
[GC (Allocation Failure) [ParNew: 157247K->17471K(157248K), 0.0163586 secs] 450303K->355192K(506816K), 0.0166229 secs] [Times: user=0.06 sys=0.00, real=0.02 secs]
[GC (CMS Initial Mark) [1 CMS-initial-mark: 337721K(349568K)] 355376K(506816K), 0.0028957 secs] [Times: user=0.00 sys=0.00, real=0.00 secs]
[CMS-concurrent-mark-start]
[CMS-concurrent-mark: 0.005/0.005 secs] [Times: user=0.00 sys=0.00, real=0.01 secs]
[CMS-concurrent-preclean-start]
[CMS-concurrent-preclean: 0.001/0.001 secs] [Times: user=0.03 sys=0.00, real=0.00 secs]
[CMS-concurrent-abortable-preclean-start]
[CMS-concurrent-abortable-preclean: 0.000/0.000 secs] [Times: user=0.00 sys=0.00, real=0.01 secs]
[GC (CMS Final Remark) [YG occupancy: 59166 K (157248 K)][Rescan (parallel) , 0.0007791 secs][weak refs processing, 0.0000824 secs][class unloading, 0.0011739 secs][scrub symbol table, 0.0012785 secs][scrub string table, 0.0004632 secs][1 CMS-remark: 337721K(349568K)] 396888K(506816K), 0.0219700 secs] [Times: user=0.00 sys=0.00, real=0.02 secs]
[CMS-concurrent-sweep-start]
[CMS-concurrent-sweep: 0.004/0.004 secs] [Times: user=0.02 sys=0.00, real=0.01 secs] 执行结束!共生成对象次数:5054

[CMS-concurrent-reset-start]
Heap
[CMS-concurrent-reset: 0.001/0.001 secs] par new generation   [Times: user=0.00 sys=0.00, real=0.02 secs]
 total 157248K, used 91686K [0x00000000e0000000, 0x00000000eaaa0000, 0x00000000eaaa0000)
  eden space 139776K,  53% used [0x00000000e0000000, 0x00000000e4879cd0, 0x00000000e8880000)
  from space 17472K,  99% used [0x00000000e9990000, 0x00000000eaa9fc48, 0x00000000eaaa0000)
  to   space 17472K,   0% used [0x00000000e8880000, 0x00000000e8880000, 0x00000000e9990000)
 concurrent mark-sweep generation total 349568K, used 239016K [0x00000000eaaa0000, 0x0000000100000000, 0x0000000100000000)
 Metaspace       used 3234K, capacity 4486K, committed 4864K, reserved 1056768K
  class space    used 356K, capacity 386K, committed 512K, reserved 1048576K
```

G1：

```
java -XX:+UseG1GC -Xms512m -Xmx512m -XX:+PrintGCDetails GCLogAnalysis
正在执行...
[GC pause (G1 Evacuation Pause) (young), 0.0035290 secs]
   [Parallel Time: 2.8 ms, GC Workers: 8]
      [GC Worker Start (ms): Min: 373.1, Avg: 373.2, Max: 373.3, Diff: 0.2]
      [Ext Root Scanning (ms): Min: 0.1, Avg: 0.2, Max: 0.3, Diff: 0.2, Sum: 1.5]
      [Update RS (ms): Min: 0.0, Avg: 0.0, Max: 0.0, Diff: 0.0, Sum: 0.0]
         [Processed Buffers: Min: 0, Avg: 0.0, Max: 0, Diff: 0, Sum: 0]
      [Scan RS (ms): Min: 0.0, Avg: 0.0, Max: 0.0, Diff: 0.0, Sum: 0.0]
      [Code Root Scanning (ms): Min: 0.0, Avg: 0.0, Max: 0.0, Diff: 0.0, Sum: 0.0]
      [Object Copy (ms): Min: 2.0, Avg: 2.2, Max: 2.4, Diff: 0.4, Sum: 17.6]
      [Termination (ms): Min: 0.0, Avg: 0.2, Max: 0.4, Diff: 0.4, Sum: 1.6]
         [Termination Attempts: Min: 1, Avg: 1.0, Max: 1, Diff: 0, Sum: 8]
      [GC Worker Other (ms): Min: 0.0, Avg: 0.0, Max: 0.1, Diff: 0.0, Sum: 0.4]
      [GC Worker Total (ms): Min: 2.6, Avg: 2.6, Max: 2.7, Diff: 0.2, Sum: 21.1]
      [GC Worker End (ms): Min: 375.8, Avg: 375.8, Max: 375.8, Diff: 0.0]
   [Code Root Fixup: 0.0 ms]
   [Code Root Purge: 0.0 ms]
   [Clear CT: 0.1 ms]
   [Other: 0.6 ms]
      [Choose CSet: 0.0 ms]
      [Ref Proc: 0.1 ms]
      [Ref Enq: 0.0 ms]
      [Redirty Cards: 0.1 ms]
      [Humongous Register: 0.0 ms]
      [Humongous Reclaim: 0.0 ms]
      [Free CSet: 0.0 ms]
   [Eden: 25.0M(25.0M)->0.0B(25.0M) Survivors: 0.0B->4096.0K Heap: 29.1M(512.0M)->9023.4K(512.0M)]
 [Times: user=0.06 sys=0.02, real=0.10 secs]
[GC pause (G1 Evacuation Pause) (young), 0.0072690 secs]
   [Parallel Time: 6.6 ms, GC Workers: 8]
      [GC Worker Start (ms): Min: 497.0, Avg: 497.2, Max: 497.6, Diff: 0.6]
      [Ext Root Scanning (ms): Min: 0.0, Avg: 0.2, Max: 0.4, Diff: 0.4, Sum: 1.4]
      [Update RS (ms): Min: 0.0, Avg: 0.0, Max: 0.2, Diff: 0.2, Sum: 0.3]
         [Processed Buffers: Min: 0, Avg: 0.3, Max: 1, Diff: 1, Sum: 2]
      [Scan RS (ms): Min: 0.0, Avg: 0.0, Max: 0.0, Diff: 0.0, Sum: 0.0]
      [Code Root Scanning (ms): Min: 0.0, Avg: 0.0, Max: 0.0, Diff: 0.0, Sum: 0.0]
      [Object Copy (ms): Min: 5.6, Avg: 5.8, Max: 6.0, Diff: 0.4, Sum: 46.7]
      [Termination (ms): Min: 0.0, Avg: 0.2, Max: 0.3, Diff: 0.3, Sum: 1.4]
         [Termination Attempts: Min: 1, Avg: 1.0, Max: 1, Diff: 0, Sum: 8]
      [GC Worker Other (ms): Min: 0.0, Avg: 0.0, Max: 0.0, Diff: 0.0, Sum: 0.1]
      [GC Worker Total (ms): Min: 5.8, Avg: 6.2, Max: 6.4, Diff: 0.6, Sum: 49.9]
      [GC Worker End (ms): Min: 503.4, Avg: 503.4, Max: 503.4, Diff: 0.0]
   [Code Root Fixup: 0.0 ms]
   [Code Root Purge: 0.0 ms]
   [Clear CT: 0.1 ms]
   [Other: 0.6 ms]
      [Choose CSet: 0.0 ms]
      [Ref Proc: 0.1 ms]
      [Ref Enq: 0.0 ms]
      [Redirty Cards: 0.1 ms]
      [Humongous Register: 0.1 ms]
      [Humongous Reclaim: 0.0 ms]
      [Free CSet: 0.0 ms]
   [Eden: 25.0M(25.0M)->0.0B(37.0M) Survivors: 4096.0K->4096.0K Heap: 44.2M(512.0M)->23.0M(512.0M)]
 [Times: user=0.06 sys=0.06, real=0.13 secs]
[GC pause (G1 Evacuation Pause) (young), 0.0064080 secs]
   [Parallel Time: 5.8 ms, GC Workers: 8]
      [GC Worker Start (ms): Min: 664.9, Avg: 664.9, Max: 665.0, Diff: 0.1]
      [Ext Root Scanning (ms): Min: 0.1, Avg: 0.2, Max: 0.2, Diff: 0.1, Sum: 1.2]
      [Update RS (ms): Min: 0.1, Avg: 0.2, Max: 0.5, Diff: 0.4, Sum: 1.6]
         [Processed Buffers: Min: 1, Avg: 1.9, Max: 3, Diff: 2, Sum: 15]
      [Scan RS (ms): Min: 0.0, Avg: 0.0, Max: 0.0, Diff: 0.0, Sum: 0.1]
      [Code Root Scanning (ms): Min: 0.0, Avg: 0.0, Max: 0.0, Diff: 0.0, Sum: 0.0]
      [Object Copy (ms): Min: 4.8, Avg: 5.1, Max: 5.4, Diff: 0.6, Sum: 40.6]
      [Termination (ms): Min: 0.0, Avg: 0.3, Max: 0.6, Diff: 0.6, Sum: 2.2]
         [Termination Attempts: Min: 1, Avg: 1.0, Max: 1, Diff: 0, Sum: 8]
      [GC Worker Other (ms): Min: 0.0, Avg: 0.0, Max: 0.0, Diff: 0.0, Sum: 0.1]
      [GC Worker Total (ms): Min: 5.6, Avg: 5.7, Max: 5.8, Diff: 0.1, Sum: 45.7]
      [GC Worker End (ms): Min: 670.6, Avg: 670.6, Max: 670.6, Diff: 0.0]
   [Code Root Fixup: 0.0 ms]
   [Code Root Purge: 0.0 ms]
   [Clear CT: 0.1 ms]
   [Other: 0.6 ms]
      [Choose CSet: 0.0 ms]
      [Ref Proc: 0.1 ms]
      [Ref Enq: 0.0 ms]
      [Redirty Cards: 0.1 ms]
      [Humongous Register: 0.0 ms]
      [Humongous Reclaim: 0.1 ms]
      [Free CSet: 0.0 ms]
   [Eden: 37.0M(37.0M)->0.0B(91.0M) Survivors: 4096.0K->6144.0K Heap: 76.5M(512.0M)->44.1M(512.0M)]
 [Times: user=0.00 sys=0.00, real=0.07 secs]
[GC pause (G1 Evacuation Pause) (young), 0.0109779 secs]
   [Parallel Time: 10.1 ms, GC Workers: 8]
      [GC Worker Start (ms): Min: 881.8, Avg: 881.9, Max: 881.9, Diff: 0.1]
      [Ext Root Scanning (ms): Min: 0.1, Avg: 0.2, Max: 0.2, Diff: 0.1, Sum: 1.2]
      [Update RS (ms): Min: 0.2, Avg: 0.2, Max: 0.2, Diff: 0.0, Sum: 1.6]
         [Processed Buffers: Min: 1, Avg: 1.9, Max: 2, Diff: 1, Sum: 15]
      [Scan RS (ms): Min: 0.0, Avg: 0.0, Max: 0.0, Diff: 0.0, Sum: 0.1]
      [Code Root Scanning (ms): Min: 0.0, Avg: 0.0, Max: 0.0, Diff: 0.0, Sum: 0.0]
      [Object Copy (ms): Min: 9.2, Avg: 9.4, Max: 9.5, Diff: 0.3, Sum: 75.1]
      [Termination (ms): Min: 0.0, Avg: 0.2, Max: 0.3, Diff: 0.3, Sum: 1.3]
         [Termination Attempts: Min: 1, Avg: 1.0, Max: 1, Diff: 0, Sum: 8]
      [GC Worker Other (ms): Min: 0.0, Avg: 0.0, Max: 0.0, Diff: 0.0, Sum: 0.1]
      [GC Worker Total (ms): Min: 9.9, Avg: 9.9, Max: 10.0, Diff: 0.2, Sum: 79.5]
      [GC Worker End (ms): Min: 891.7, Avg: 891.8, Max: 891.8, Diff: 0.1]
   [Code Root Fixup: 0.0 ms]
   [Code Root Purge: 0.0 ms]
   [Clear CT: 0.1 ms]
   [Other: 0.8 ms]
      [Choose CSet: 0.0 ms]
      [Ref Proc: 0.2 ms]
      [Ref Enq: 0.0 ms]
      [Redirty Cards: 0.1 ms]
      [Humongous Register: 0.1 ms]
      [Humongous Reclaim: 0.1 ms]
      [Free CSet: 0.1 ms]
   [Eden: 91.0M(91.0M)->0.0B(67.0M) Survivors: 6144.0K->13.0M Heap: 165.2M(512.0M)->82.5M(512.0M)]
 [Times: user=0.00 sys=0.13, real=0.12 secs]
[GC pause (G1 Evacuation Pause) (young), 0.0096361 secs]
   [Parallel Time: 8.9 ms, GC Workers: 8]
      [GC Worker Start (ms): Min: 1063.6, Avg: 1063.7, Max: 1063.8, Diff: 0.2]
      [Ext Root Scanning (ms): Min: 0.0, Avg: 0.2, Max: 0.2, Diff: 0.2, Sum: 1.3]
      [Update RS (ms): Min: 0.1, Avg: 0.1, Max: 0.2, Diff: 0.1, Sum: 1.2]
         [Processed Buffers: Min: 0, Avg: 1.5, Max: 2, Diff: 2, Sum: 12]
      [Scan RS (ms): Min: 0.0, Avg: 0.0, Max: 0.0, Diff: 0.0, Sum: 0.1]
      [Code Root Scanning (ms): Min: 0.0, Avg: 0.0, Max: 0.0, Diff: 0.0, Sum: 0.0]
      [Object Copy (ms): Min: 7.9, Avg: 8.2, Max: 8.5, Diff: 0.5, Sum: 65.6]
      [Termination (ms): Min: 0.0, Avg: 0.3, Max: 0.5, Diff: 0.5, Sum: 2.2]
         [Termination Attempts: Min: 1, Avg: 1.8, Max: 3, Diff: 2, Sum: 14]
      [GC Worker Other (ms): Min: 0.0, Avg: 0.0, Max: 0.0, Diff: 0.0, Sum: 0.1]
      [GC Worker Total (ms): Min: 8.7, Avg: 8.8, Max: 8.9, Diff: 0.2, Sum: 70.3]
      [GC Worker End (ms): Min: 1072.5, Avg: 1072.5, Max: 1072.5, Diff: 0.0]
   [Code Root Fixup: 0.0 ms]
   [Code Root Purge: 0.0 ms]
   [Clear CT: 0.1 ms]
   [Other: 0.7 ms]
      [Choose CSet: 0.0 ms]
      [Ref Proc: 0.1 ms]
      [Ref Enq: 0.0 ms]
      [Redirty Cards: 0.1 ms]
      [Humongous Register: 0.1 ms]
      [Humongous Reclaim: 0.1 ms]
      [Free CSet: 0.1 ms]
   [Eden: 67.0M(67.0M)->0.0B(91.0M) Survivors: 13.0M->10.0M Heap: 169.5M(512.0M)->110.3M(512.0M)]
 [Times: user=0.00 sys=0.00, real=0.14 secs]
[GC pause (G1 Evacuation Pause) (young), 0.0126860 secs]
   [Parallel Time: 11.8 ms, GC Workers: 8]
      [GC Worker Start (ms): Min: 1273.5, Avg: 1273.5, Max: 1273.6, Diff: 0.1]
      [Ext Root Scanning (ms): Min: 0.1, Avg: 0.2, Max: 0.2, Diff: 0.1, Sum: 1.2]
      [Update RS (ms): Min: 0.2, Avg: 0.2, Max: 0.3, Diff: 0.1, Sum: 1.8]
         [Processed Buffers: Min: 1, Avg: 2.1, Max: 3, Diff: 2, Sum: 17]
      [Scan RS (ms): Min: 0.0, Avg: 0.0, Max: 0.0, Diff: 0.0, Sum: 0.1]
      [Code Root Scanning (ms): Min: 0.0, Avg: 0.0, Max: 0.0, Diff: 0.0, Sum: 0.0]
      [Object Copy (ms): Min: 10.8, Avg: 11.0, Max: 11.3, Diff: 0.5, Sum: 88.0]
      [Termination (ms): Min: 0.0, Avg: 0.4, Max: 0.6, Diff: 0.6, Sum: 2.9]
         [Termination Attempts: Min: 1, Avg: 1.0, Max: 1, Diff: 0, Sum: 8]
      [GC Worker Other (ms): Min: 0.0, Avg: 0.0, Max: 0.0, Diff: 0.0, Sum: 0.1]
      [GC Worker Total (ms): Min: 11.7, Avg: 11.8, Max: 11.8, Diff: 0.1, Sum: 94.1]
      [GC Worker End (ms): Min: 1285.3, Avg: 1285.3, Max: 1285.3, Diff: 0.0]
   [Code Root Fixup: 0.0 ms]
   [Code Root Purge: 0.0 ms]
   [Clear CT: 0.1 ms]
   [Other: 0.8 ms]
      [Choose CSet: 0.0 ms]
      [Ref Proc: 0.1 ms]
      [Ref Enq: 0.0 ms]
      [Redirty Cards: 0.1 ms]
      [Humongous Register: 0.1 ms]
      [Humongous Reclaim: 0.1 ms]
      [Free CSet: 0.1 ms]
   [Eden: 91.0M(91.0M)->0.0B(120.0M) Survivors: 10.0M->13.0M Heap: 223.0M(512.0M)->149.3M(512.0M)]
 [Times: user=0.01 sys=0.11, real=0.10 secs]
执行结束!共生成对象次数:1585
Heap
 garbage-first heap   total 524288K, used 152841K [0x00000000e0000000, 0x00000000e0101000, 0x0000000100000000)
  region size 1024K, 14 young (14336K), 13 survivors (13312K)
 Metaspace       used 2684K, capacity 4486K, committed 4864K, reserved 1056768K
  class space    used 288K, capacity 386K, committed 512K, reserved 1048576K
```